Analysis & Synthesis report for Lab3
Fri Dec 04 17:25:31 2020
Quartus II 64-Bit Version 13.0.1 Build 232 06/12/2013 Service Pack 1 SJ Full Version


---------------------
; Table of Contents ;
---------------------
  1. Legal Notice
  2. Analysis & Synthesis Summary
  3. Analysis & Synthesis Settings
  4. Parallel Compilation
  5. Analysis & Synthesis Source Files Read
  6. Analysis & Synthesis Resource Usage Summary
  7. Analysis & Synthesis Resource Utilization by Entity
  8. Analysis & Synthesis RAM Summary
  9. Analysis & Synthesis DSP Block Usage Summary
 10. Analysis & Synthesis IP Cores Summary
 11. Registers Removed During Synthesis
 12. General Register Statistics
 13. Inverted Register Statistics
 14. Multiplexer Restructuring Statistics (Restructuring Performed)
 15. Source assignments for RAM:inst|altsyncram:altsyncram_component|altsyncram_54i1:auto_generated
 16. Parameter Settings for User Entity Instance: PC:inst2|74161:inst1
 17. Parameter Settings for User Entity Instance: PC:inst2|74161:inst
 18. Parameter Settings for User Entity Instance: PC:inst2|74161:inst2
 19. Parameter Settings for User Entity Instance: PC:inst2|74161:inst3
 20. Parameter Settings for User Entity Instance: 16_Bit_ALU:inst7|MUL:inst7|lpm_mult:lpm_mult_component
 21. Parameter Settings for User Entity Instance: 16_Bit_ALU:inst7|DIV:inst10|lpm_divide:LPM_DIVIDE_component
 22. Parameter Settings for User Entity Instance: RAM:inst|altsyncram:altsyncram_component
 23. lpm_mult Parameter Settings by Entity Instance
 24. altsyncram Parameter Settings by Entity Instance
 25. Elapsed Time Per Partition
 26. Analysis & Synthesis Messages



----------------
; Legal Notice ;
----------------
Copyright (C) 1991-2013 Altera Corporation
Your use of Altera Corporation's design tools, logic functions 
and other software and tools, and its AMPP partner logic 
functions, and any output files from any of the foregoing 
(including device programming or simulation files), and any 
associated documentation or information are expressly subject 
to the terms and conditions of the Altera Program License 
Subscription Agreement, Altera MegaCore Function License 
Agreement, or other applicable license agreement, including, 
without limitation, that your use is for the sole purpose of 
programming logic devices manufactured by Altera and sold by 
Altera or its authorized distributors.  Please refer to the 
applicable agreement for further details.



+---------------------------------------------------------------------------------------+
; Analysis & Synthesis Summary                                                          ;
+------------------------------------+--------------------------------------------------+
; Analysis & Synthesis Status        ; Successful - Fri Dec 04 17:25:31 2020            ;
; Quartus II 64-Bit Version          ; 13.0.1 Build 232 06/12/2013 SP 1 SJ Full Version ;
; Revision Name                      ; Lab3                                             ;
; Top-level Entity Name              ; Lab3                                             ;
; Family                             ; Cyclone IV E                                     ;
; Total logic elements               ; 973                                              ;
;     Total combinational functions  ; 869                                              ;
;     Dedicated logic registers      ; 156                                              ;
; Total registers                    ; 156                                              ;
; Total pins                         ; 49                                               ;
; Total virtual pins                 ; 0                                                ;
; Total memory bits                  ; 4,096                                            ;
; Embedded Multiplier 9-bit elements ; 1                                                ;
; Total PLLs                         ; 0                                                ;
+------------------------------------+--------------------------------------------------+


+----------------------------------------------------------------------------------------------------------------------+
; Analysis & Synthesis Settings                                                                                        ;
+----------------------------------------------------------------------------+--------------------+--------------------+
; Option                                                                     ; Setting            ; Default Value      ;
+----------------------------------------------------------------------------+--------------------+--------------------+
; Device                                                                     ; EP4CE6E22C8        ;                    ;
; Top-level entity name                                                      ; Lab3               ; Lab3               ;
; Family name                                                                ; Cyclone IV E       ; Cyclone IV GX      ;
; Use smart compilation                                                      ; Off                ; Off                ;
; Enable parallel Assembler and TimeQuest Timing Analyzer during compilation ; On                 ; On                 ;
; Enable compact report table                                                ; Off                ; Off                ;
; Restructure Multiplexers                                                   ; Auto               ; Auto               ;
; Create Debugging Nodes for IP Cores                                        ; Off                ; Off                ;
; Preserve fewer node names                                                  ; On                 ; On                 ;
; Disable OpenCore Plus hardware evaluation                                  ; Off                ; Off                ;
; Verilog Version                                                            ; Verilog_2001       ; Verilog_2001       ;
; VHDL Version                                                               ; VHDL_1993          ; VHDL_1993          ;
; State Machine Processing                                                   ; Auto               ; Auto               ;
; Safe State Machine                                                         ; Off                ; Off                ;
; Extract Verilog State Machines                                             ; On                 ; On                 ;
; Extract VHDL State Machines                                                ; On                 ; On                 ;
; Ignore Verilog initial constructs                                          ; Off                ; Off                ;
; Iteration limit for constant Verilog loops                                 ; 5000               ; 5000               ;
; Iteration limit for non-constant Verilog loops                             ; 250                ; 250                ;
; Add Pass-Through Logic to Inferred RAMs                                    ; On                 ; On                 ;
; Infer RAMs from Raw Logic                                                  ; On                 ; On                 ;
; Parallel Synthesis                                                         ; On                 ; On                 ;
; DSP Block Balancing                                                        ; Auto               ; Auto               ;
; NOT Gate Push-Back                                                         ; On                 ; On                 ;
; Power-Up Don't Care                                                        ; On                 ; On                 ;
; Remove Redundant Logic Cells                                               ; Off                ; Off                ;
; Remove Duplicate Registers                                                 ; On                 ; On                 ;
; Ignore CARRY Buffers                                                       ; Off                ; Off                ;
; Ignore CASCADE Buffers                                                     ; Off                ; Off                ;
; Ignore GLOBAL Buffers                                                      ; Off                ; Off                ;
; Ignore ROW GLOBAL Buffers                                                  ; Off                ; Off                ;
; Ignore LCELL Buffers                                                       ; Off                ; Off                ;
; Ignore SOFT Buffers                                                        ; On                 ; On                 ;
; Limit AHDL Integers to 32 Bits                                             ; Off                ; Off                ;
; Optimization Technique                                                     ; Balanced           ; Balanced           ;
; Carry Chain Length                                                         ; 70                 ; 70                 ;
; Auto Carry Chains                                                          ; On                 ; On                 ;
; Auto Open-Drain Pins                                                       ; On                 ; On                 ;
; Perform WYSIWYG Primitive Resynthesis                                      ; Off                ; Off                ;
; Auto ROM Replacement                                                       ; On                 ; On                 ;
; Auto RAM Replacement                                                       ; On                 ; On                 ;
; Auto DSP Block Replacement                                                 ; On                 ; On                 ;
; Auto Shift Register Replacement                                            ; Auto               ; Auto               ;
; Allow Shift Register Merging across Hierarchies                            ; Auto               ; Auto               ;
; Auto Clock Enable Replacement                                              ; On                 ; On                 ;
; Strict RAM Replacement                                                     ; Off                ; Off                ;
; Allow Synchronous Control Signals                                          ; On                 ; On                 ;
; Force Use of Synchronous Clear Signals                                     ; Off                ; Off                ;
; Auto RAM Block Balancing                                                   ; On                 ; On                 ;
; Auto RAM to Logic Cell Conversion                                          ; Off                ; Off                ;
; Auto Resource Sharing                                                      ; Off                ; Off                ;
; Allow Any RAM Size For Recognition                                         ; Off                ; Off                ;
; Allow Any ROM Size For Recognition                                         ; Off                ; Off                ;
; Allow Any Shift Register Size For Recognition                              ; Off                ; Off                ;
; Use LogicLock Constraints during Resource Balancing                        ; On                 ; On                 ;
; Ignore translate_off and synthesis_off directives                          ; Off                ; Off                ;
; Timing-Driven Synthesis                                                    ; On                 ; On                 ;
; Report Parameter Settings                                                  ; On                 ; On                 ;
; Report Source Assignments                                                  ; On                 ; On                 ;
; Report Connectivity Checks                                                 ; On                 ; On                 ;
; Ignore Maximum Fan-Out Assignments                                         ; Off                ; Off                ;
; Synchronization Register Chain Length                                      ; 2                  ; 2                  ;
; PowerPlay Power Optimization                                               ; Normal compilation ; Normal compilation ;
; HDL message level                                                          ; Level2             ; Level2             ;
; Suppress Register Optimization Related Messages                            ; Off                ; Off                ;
; Number of Removed Registers Reported in Synthesis Report                   ; 5000               ; 5000               ;
; Number of Swept Nodes Reported in Synthesis Report                         ; 5000               ; 5000               ;
; Number of Inverted Registers Reported in Synthesis Report                  ; 100                ; 100                ;
; Clock MUX Protection                                                       ; On                 ; On                 ;
; Auto Gated Clock Conversion                                                ; Off                ; Off                ;
; Block Design Naming                                                        ; Auto               ; Auto               ;
; SDC constraint protection                                                  ; Off                ; Off                ;
; Synthesis Effort                                                           ; Auto               ; Auto               ;
; Shift Register Replacement - Allow Asynchronous Clear Signal               ; On                 ; On                 ;
; Pre-Mapping Resynthesis Optimization                                       ; Off                ; Off                ;
; Analysis & Synthesis Message Level                                         ; Medium             ; Medium             ;
; Disable Register Merging Across Hierarchies                                ; Auto               ; Auto               ;
; Resource Aware Inference For Block RAM                                     ; On                 ; On                 ;
; Synthesis Seed                                                             ; 1                  ; 1                  ;
+----------------------------------------------------------------------------+--------------------+--------------------+


+------------------------------------------+
; Parallel Compilation                     ;
+----------------------------+-------------+
; Processors                 ; Number      ;
+----------------------------+-------------+
; Number detected on machine ; 8           ;
; Maximum allowed            ; 4           ;
;                            ;             ;
; Average used               ; 1.00        ;
; Maximum used               ; 4           ;
;                            ;             ;
; Usage by Processor         ; % Time Used ;
;     Processor 1            ; 100.0%      ;
;     Processors 2-4         ; < 0.1%      ;
;     Processors 5-8         ;   0.0%      ;
+----------------------------+-------------+


+-----------------------------------------------------------------------------------------------------------------------------------------------------------------------+
; Analysis & Synthesis Source Files Read                                                                                                                                ;
+----------------------------------+-----------------+------------------------------------+-------------------------------------------------------------------+---------+
; File Name with User-Entered Path ; Used in Netlist ; File Type                          ; File Name with Absolute Path                                      ; Library ;
+----------------------------------+-----------------+------------------------------------+-------------------------------------------------------------------+---------+
; PC.bdf                           ; yes             ; User Block Diagram/Schematic File  ; D:/JiZuKeShe/Lab4/PC.bdf                                          ;         ;
; MAR.bdf                          ; yes             ; User Block Diagram/Schematic File  ; D:/JiZuKeShe/Lab4/MAR.bdf                                         ;         ;
; R.bdf                            ; yes             ; User Block Diagram/Schematic File  ; D:/JiZuKeShe/Lab4/R.bdf                                           ;         ;
; 16_Bit_ALU.bdf                   ; yes             ; User Block Diagram/Schematic File  ; D:/JiZuKeShe/Lab4/16_Bit_ALU.bdf                                  ;         ;
; RAM.vhd                          ; yes             ; User Wizard-Generated File         ; D:/JiZuKeShe/Lab4/RAM.vhd                                         ;         ;
; Lab3.bdf                         ; yes             ; User Block Diagram/Schematic File  ; D:/JiZuKeShe/Lab4/Lab3.bdf                                        ;         ;
; IR.bdf                           ; yes             ; User Block Diagram/Schematic File  ; D:/JiZuKeShe/Lab4/IR.bdf                                          ;         ;
; X.bdf                            ; yes             ; User Block Diagram/Schematic File  ; D:/JiZuKeShe/Lab4/X.bdf                                           ;         ;
; ACC.bdf                          ; yes             ; User Block Diagram/Schematic File  ; D:/JiZuKeShe/Lab4/ACC.bdf                                         ;         ;
; MDR.bdf                          ; yes             ; User Block Diagram/Schematic File  ; D:/JiZuKeShe/Lab4/MDR.bdf                                         ;         ;
; 16_Bit_Tri.bdf                   ; yes             ; User Block Diagram/Schematic File  ; D:/JiZuKeShe/Lab4/16_Bit_Tri.bdf                                  ;         ;
; CU.bdf                           ; yes             ; User Block Diagram/Schematic File  ; D:/JiZuKeShe/Lab4/CU.bdf                                          ;         ;
; Decoder_4_16.bdf                 ; yes             ; User Block Diagram/Schematic File  ; D:/JiZuKeShe/Lab4/Decoder_4_16.bdf                                ;         ;
; Decoder_2_4.bdf                  ; yes             ; User Block Diagram/Schematic File  ; D:/JiZuKeShe/Lab4/Decoder_2_4.bdf                                 ;         ;
; Send_Imm.bdf                     ; yes             ; User Block Diagram/Schematic File  ; D:/JiZuKeShe/Lab4/Send_Imm.bdf                                    ;         ;
; Jump.bdf                         ; yes             ; User Block Diagram/Schematic File  ; D:/JiZuKeShe/Lab4/Jump.bdf                                        ;         ;
; Y.bdf                            ; yes             ; User Block Diagram/Schematic File  ; D:/JiZuKeShe/Lab4/Y.bdf                                           ;         ;
; test1.mif                        ; yes             ; User Memory Initialization File    ; D:/JiZuKeShe/Lab4/test1.mif                                       ;         ;
; MUL.vhd                          ; yes             ; User Wizard-Generated File         ; D:/JiZuKeShe/Lab4/MUL.vhd                                         ;         ;
; Shift.v                          ; yes             ; User Verilog HDL File              ; D:/JiZuKeShe/Lab4/Shift.v                                         ;         ;
; DIV.vhd                          ; yes             ; User Wizard-Generated File         ; D:/JiZuKeShe/Lab4/DIV.vhd                                         ;         ;
; Four_One.bdf                     ; yes             ; User Block Diagram/Schematic File  ; D:/JiZuKeShe/Lab4/Four_One.bdf                                    ;         ;
; Four_One_16Bit.bdf               ; yes             ; User Block Diagram/Schematic File  ; D:/JiZuKeShe/Lab4/Four_One_16Bit.bdf                              ;         ;
; Decoder_5_32.bdf                 ; yes             ; User Block Diagram/Schematic File  ; D:/JiZuKeShe/Lab4/Decoder_5_32.bdf                                ;         ;
; Beats.bdf                        ; yes             ; User Block Diagram/Schematic File  ; D:/JiZuKeShe/Lab4/Beats.bdf                                       ;         ;
; 74273.bdf                        ; yes             ; Megafunction                       ; d:/altera13/quartus/libraries/others/maxplus2/74273.bdf           ;         ;
; 74138.bdf                        ; yes             ; Megafunction                       ; d:/altera13/quartus/libraries/others/maxplus2/74138.bdf           ;         ;
; 74154.bdf                        ; yes             ; Megafunction                       ; d:/altera13/quartus/libraries/others/maxplus2/74154.bdf           ;         ;
; 74161.tdf                        ; yes             ; Megafunction                       ; d:/altera13/quartus/libraries/others/maxplus2/74161.tdf           ;         ;
; aglobal.inc                      ; yes             ; Megafunction                       ; d:/altera13/quartus/libraries/megafunctions/aglobal.inc           ;         ;
; f74161.bdf                       ; yes             ; Megafunction                       ; d:/altera13/quartus/libraries/others/maxplus2/f74161.bdf          ;         ;
; 74181.bdf                        ; yes             ; Megafunction                       ; d:/altera13/quartus/libraries/others/maxplus2/74181.bdf           ;         ;
; 74182.bdf                        ; yes             ; Megafunction                       ; d:/altera13/quartus/libraries/others/maxplus2/74182.bdf           ;         ;
; lpm_mult.tdf                     ; yes             ; Megafunction                       ; d:/altera13/quartus/libraries/megafunctions/lpm_mult.tdf          ;         ;
; aglobal130.inc                   ; yes             ; Megafunction                       ; d:/altera13/quartus/libraries/megafunctions/aglobal130.inc        ;         ;
; lpm_add_sub.inc                  ; yes             ; Megafunction                       ; d:/altera13/quartus/libraries/megafunctions/lpm_add_sub.inc       ;         ;
; multcore.inc                     ; yes             ; Megafunction                       ; d:/altera13/quartus/libraries/megafunctions/multcore.inc          ;         ;
; bypassff.inc                     ; yes             ; Megafunction                       ; d:/altera13/quartus/libraries/megafunctions/bypassff.inc          ;         ;
; altshift.inc                     ; yes             ; Megafunction                       ; d:/altera13/quartus/libraries/megafunctions/altshift.inc          ;         ;
; db/mult_p5n.tdf                  ; yes             ; Auto-Generated Megafunction        ; D:/JiZuKeShe/Lab4/db/mult_p5n.tdf                                 ;         ;
; lpm_divide.tdf                   ; yes             ; Megafunction                       ; d:/altera13/quartus/libraries/megafunctions/lpm_divide.tdf        ;         ;
; abs_divider.inc                  ; yes             ; Megafunction                       ; d:/altera13/quartus/libraries/megafunctions/abs_divider.inc       ;         ;
; sign_div_unsign.inc              ; yes             ; Megafunction                       ; d:/altera13/quartus/libraries/megafunctions/sign_div_unsign.inc   ;         ;
; db/lpm_divide_ukp.tdf            ; yes             ; Auto-Generated Megafunction        ; D:/JiZuKeShe/Lab4/db/lpm_divide_ukp.tdf                           ;         ;
; db/sign_div_unsign_79h.tdf       ; yes             ; Auto-Generated Megafunction        ; D:/JiZuKeShe/Lab4/db/sign_div_unsign_79h.tdf                      ;         ;
; db/alt_u_div_eaf.tdf             ; yes             ; Auto-Generated Megafunction        ; D:/JiZuKeShe/Lab4/db/alt_u_div_eaf.tdf                            ;         ;
; db/add_sub_9pc.tdf               ; yes             ; Auto-Generated Megafunction        ; D:/JiZuKeShe/Lab4/db/add_sub_9pc.tdf                              ;         ;
; db/add_sub_apc.tdf               ; yes             ; Auto-Generated Megafunction        ; D:/JiZuKeShe/Lab4/db/add_sub_apc.tdf                              ;         ;
; altsyncram.tdf                   ; yes             ; Megafunction                       ; d:/altera13/quartus/libraries/megafunctions/altsyncram.tdf        ;         ;
; stratix_ram_block.inc            ; yes             ; Megafunction                       ; d:/altera13/quartus/libraries/megafunctions/stratix_ram_block.inc ;         ;
; lpm_mux.inc                      ; yes             ; Megafunction                       ; d:/altera13/quartus/libraries/megafunctions/lpm_mux.inc           ;         ;
; lpm_decode.inc                   ; yes             ; Megafunction                       ; d:/altera13/quartus/libraries/megafunctions/lpm_decode.inc        ;         ;
; a_rdenreg.inc                    ; yes             ; Megafunction                       ; d:/altera13/quartus/libraries/megafunctions/a_rdenreg.inc         ;         ;
; altrom.inc                       ; yes             ; Megafunction                       ; d:/altera13/quartus/libraries/megafunctions/altrom.inc            ;         ;
; altram.inc                       ; yes             ; Megafunction                       ; d:/altera13/quartus/libraries/megafunctions/altram.inc            ;         ;
; altdpram.inc                     ; yes             ; Megafunction                       ; d:/altera13/quartus/libraries/megafunctions/altdpram.inc          ;         ;
; db/altsyncram_54i1.tdf           ; yes             ; Auto-Generated Megafunction        ; D:/JiZuKeShe/Lab4/db/altsyncram_54i1.tdf                          ;         ;
+----------------------------------+-----------------+------------------------------------+-------------------------------------------------------------------+---------+


+---------------------------------------------------------------------+
; Analysis & Synthesis Resource Usage Summary                         ;
+---------------------------------------------+-----------------------+
; Resource                                    ; Usage                 ;
+---------------------------------------------+-----------------------+
; Estimated Total logic elements              ; 973                   ;
;                                             ;                       ;
; Total combinational functions               ; 869                   ;
; Logic element usage by number of LUT inputs ;                       ;
;     -- 4 input functions                    ; 490                   ;
;     -- 3 input functions                    ; 259                   ;
;     -- <=2 input functions                  ; 120                   ;
;                                             ;                       ;
; Logic elements by mode                      ;                       ;
;     -- normal mode                          ; 708                   ;
;     -- arithmetic mode                      ; 161                   ;
;                                             ;                       ;
; Total registers                             ; 156                   ;
;     -- Dedicated logic registers            ; 156                   ;
;     -- I/O registers                        ; 0                     ;
;                                             ;                       ;
; I/O pins                                    ; 49                    ;
; Total memory bits                           ; 4096                  ;
; Embedded Multiplier 9-bit elements          ; 1                     ;
; Maximum fan-out node                        ; X:inst8|74273:inst|19 ;
; Maximum fan-out                             ; 63                    ;
; Total fan-out                               ; 3546                  ;
; Average fan-out                             ; 3.11                  ;
+---------------------------------------------+-----------------------+


+-----------------------------------------------------------------------------------------------------------------------------------------------------------------------------------------------------------------------------------------------------------------------------------------------------------------------------+
; Analysis & Synthesis Resource Utilization by Entity                                                                                                                                                                                                                                                                         ;
+----------------------------------------------+-------------------+--------------+-------------+--------------+---------+-----------+------+--------------+---------------------------------------------------------------------------------------------------------------------------------------------------+--------------+
; Compilation Hierarchy Node                   ; LC Combinationals ; LC Registers ; Memory Bits ; DSP Elements ; DSP 9x9 ; DSP 18x18 ; Pins ; Virtual Pins ; Full Hierarchy Name                                                                                                                               ; Library Name ;
+----------------------------------------------+-------------------+--------------+-------------+--------------+---------+-----------+------+--------------+---------------------------------------------------------------------------------------------------------------------------------------------------+--------------+
; |Lab3                                        ; 869 (90)          ; 156 (0)      ; 4096        ; 1            ; 1       ; 0         ; 49   ; 0            ; |Lab3                                                                                                                                             ; work         ;
;    |16_Bit_ALU:inst7|                        ; 652 (0)           ; 0 (0)        ; 0           ; 1            ; 1       ; 0         ; 0    ; 0            ; |Lab3|16_Bit_ALU:inst7                                                                                                                            ; work         ;
;       |74181:inst1|                          ; 21 (21)           ; 0 (0)        ; 0           ; 0            ; 0       ; 0         ; 0    ; 0            ; |Lab3|16_Bit_ALU:inst7|74181:inst1                                                                                                                ; work         ;
;       |74181:inst3|                          ; 11 (11)           ; 0 (0)        ; 0           ; 0            ; 0       ; 0         ; 0    ; 0            ; |Lab3|16_Bit_ALU:inst7|74181:inst3                                                                                                                ; work         ;
;       |74181:inst4|                          ; 18 (18)           ; 0 (0)        ; 0           ; 0            ; 0       ; 0         ; 0    ; 0            ; |Lab3|16_Bit_ALU:inst7|74181:inst4                                                                                                                ; work         ;
;       |74181:inst|                           ; 19 (19)           ; 0 (0)        ; 0           ; 0            ; 0       ; 0         ; 0    ; 0            ; |Lab3|16_Bit_ALU:inst7|74181:inst                                                                                                                 ; work         ;
;       |74182:inst5|                          ; 18 (18)           ; 0 (0)        ; 0           ; 0            ; 0       ; 0         ; 0    ; 0            ; |Lab3|16_Bit_ALU:inst7|74182:inst5                                                                                                                ; work         ;
;       |DIV:inst10|                           ; 369 (0)           ; 0 (0)        ; 0           ; 0            ; 0       ; 0         ; 0    ; 0            ; |Lab3|16_Bit_ALU:inst7|DIV:inst10                                                                                                                 ; work         ;
;          |lpm_divide:LPM_DIVIDE_component|   ; 369 (0)           ; 0 (0)        ; 0           ; 0            ; 0       ; 0         ; 0    ; 0            ; |Lab3|16_Bit_ALU:inst7|DIV:inst10|lpm_divide:LPM_DIVIDE_component                                                                                 ; work         ;
;             |lpm_divide_ukp:auto_generated|  ; 369 (0)           ; 0 (0)        ; 0           ; 0            ; 0       ; 0         ; 0    ; 0            ; |Lab3|16_Bit_ALU:inst7|DIV:inst10|lpm_divide:LPM_DIVIDE_component|lpm_divide_ukp:auto_generated                                                   ; work         ;
;                |sign_div_unsign_79h:divider| ; 369 (76)          ; 0 (0)        ; 0           ; 0            ; 0       ; 0         ; 0    ; 0            ; |Lab3|16_Bit_ALU:inst7|DIV:inst10|lpm_divide:LPM_DIVIDE_component|lpm_divide_ukp:auto_generated|sign_div_unsign_79h:divider                       ; work         ;
;                   |alt_u_div_eaf:divider|    ; 293 (293)         ; 0 (0)        ; 0           ; 0            ; 0       ; 0         ; 0    ; 0            ; |Lab3|16_Bit_ALU:inst7|DIV:inst10|lpm_divide:LPM_DIVIDE_component|lpm_divide_ukp:auto_generated|sign_div_unsign_79h:divider|alt_u_div_eaf:divider ; work         ;
;       |Four_One_16Bit:inst11|                ; 75 (0)            ; 0 (0)        ; 0           ; 0            ; 0       ; 0         ; 0    ; 0            ; |Lab3|16_Bit_ALU:inst7|Four_One_16Bit:inst11                                                                                                      ; work         ;
;          |Four_One:inst1|                    ; 13 (13)           ; 0 (0)        ; 0           ; 0            ; 0       ; 0         ; 0    ; 0            ; |Lab3|16_Bit_ALU:inst7|Four_One_16Bit:inst11|Four_One:inst1                                                                                       ; work         ;
;          |Four_One:inst2|                    ; 15 (15)           ; 0 (0)        ; 0           ; 0            ; 0       ; 0         ; 0    ; 0            ; |Lab3|16_Bit_ALU:inst7|Four_One_16Bit:inst11|Four_One:inst2                                                                                       ; work         ;
;          |Four_One:inst3|                    ; 20 (20)           ; 0 (0)        ; 0           ; 0            ; 0       ; 0         ; 0    ; 0            ; |Lab3|16_Bit_ALU:inst7|Four_One_16Bit:inst11|Four_One:inst3                                                                                       ; work         ;
;          |Four_One:inst|                     ; 27 (27)           ; 0 (0)        ; 0           ; 0            ; 0       ; 0         ; 0    ; 0            ; |Lab3|16_Bit_ALU:inst7|Four_One_16Bit:inst11|Four_One:inst                                                                                        ; work         ;
;       |MUL:inst7|                            ; 0 (0)             ; 0 (0)        ; 0           ; 1            ; 1       ; 0         ; 0    ; 0            ; |Lab3|16_Bit_ALU:inst7|MUL:inst7                                                                                                                  ; work         ;
;          |lpm_mult:lpm_mult_component|       ; 0 (0)             ; 0 (0)        ; 0           ; 1            ; 1       ; 0         ; 0    ; 0            ; |Lab3|16_Bit_ALU:inst7|MUL:inst7|lpm_mult:lpm_mult_component                                                                                      ; work         ;
;             |mult_p5n:auto_generated|        ; 0 (0)             ; 0 (0)        ; 0           ; 1            ; 1       ; 0         ; 0    ; 0            ; |Lab3|16_Bit_ALU:inst7|MUL:inst7|lpm_mult:lpm_mult_component|mult_p5n:auto_generated                                                              ; work         ;
;       |Shift:inst2|                          ; 121 (121)         ; 0 (0)        ; 0           ; 0            ; 0       ; 0         ; 0    ; 0            ; |Lab3|16_Bit_ALU:inst7|Shift:inst2                                                                                                                ; work         ;
;    |ACC:inst9|                               ; 0 (0)             ; 16 (0)       ; 0           ; 0            ; 0       ; 0         ; 0    ; 0            ; |Lab3|ACC:inst9                                                                                                                                   ; work         ;
;       |74273:inst1|                          ; 0 (0)             ; 8 (8)        ; 0           ; 0            ; 0       ; 0         ; 0    ; 0            ; |Lab3|ACC:inst9|74273:inst1                                                                                                                       ; work         ;
;       |74273:inst|                           ; 0 (0)             ; 8 (8)        ; 0           ; 0            ; 0       ; 0         ; 0    ; 0            ; |Lab3|ACC:inst9|74273:inst                                                                                                                        ; work         ;
;    |CU:inst6|                                ; 61 (41)           ; 20 (0)       ; 0           ; 0            ; 0       ; 0         ; 0    ; 0            ; |Lab3|CU:inst6                                                                                                                                    ; work         ;
;       |Beats:inst1|                          ; 2 (2)             ; 10 (10)      ; 0           ; 0            ; 0       ; 0         ; 0    ; 0            ; |Lab3|CU:inst6|Beats:inst1                                                                                                                        ; work         ;
;       |Beats:inst|                           ; 2 (2)             ; 10 (10)      ; 0           ; 0            ; 0       ; 0         ; 0    ; 0            ; |Lab3|CU:inst6|Beats:inst                                                                                                                         ; work         ;
;       |Decoder_5_32:inst3|                   ; 16 (0)            ; 0 (0)        ; 0           ; 0            ; 0       ; 0         ; 0    ; 0            ; |Lab3|CU:inst6|Decoder_5_32:inst3                                                                                                                 ; work         ;
;          |74154:inst18|                      ; 3 (3)             ; 0 (0)        ; 0           ; 0            ; 0       ; 0         ; 0    ; 0            ; |Lab3|CU:inst6|Decoder_5_32:inst3|74154:inst18                                                                                                    ; work         ;
;          |74154:inst|                        ; 13 (13)           ; 0 (0)        ; 0           ; 0            ; 0       ; 0         ; 0    ; 0            ; |Lab3|CU:inst6|Decoder_5_32:inst3|74154:inst                                                                                                      ; work         ;
;    |Decoder_4_16:inst13|                     ; 10 (0)            ; 0 (0)        ; 0           ; 0            ; 0       ; 0         ; 0    ; 0            ; |Lab3|Decoder_4_16:inst13                                                                                                                         ; work         ;
;       |74138:inst1|                          ; 2 (2)             ; 0 (0)        ; 0           ; 0            ; 0       ; 0         ; 0    ; 0            ; |Lab3|Decoder_4_16:inst13|74138:inst1                                                                                                             ; work         ;
;       |74138:inst|                           ; 8 (8)             ; 0 (0)        ; 0           ; 0            ; 0       ; 0         ; 0    ; 0            ; |Lab3|Decoder_4_16:inst13|74138:inst                                                                                                              ; work         ;
;    |Decoder_4_16:inst14|                     ; 8 (0)             ; 0 (0)        ; 0           ; 0            ; 0       ; 0         ; 0    ; 0            ; |Lab3|Decoder_4_16:inst14                                                                                                                         ; work         ;
;       |74138:inst1|                          ; 2 (2)             ; 0 (0)        ; 0           ; 0            ; 0       ; 0         ; 0    ; 0            ; |Lab3|Decoder_4_16:inst14|74138:inst1                                                                                                             ; work         ;
;       |74138:inst|                           ; 6 (6)             ; 0 (0)        ; 0           ; 0            ; 0       ; 0         ; 0    ; 0            ; |Lab3|Decoder_4_16:inst14|74138:inst                                                                                                              ; work         ;
;    |IR:inst10|                               ; 0 (0)             ; 16 (0)       ; 0           ; 0            ; 0       ; 0         ; 0    ; 0            ; |Lab3|IR:inst10                                                                                                                                   ; work         ;
;       |74273:inst1|                          ; 0 (0)             ; 8 (8)        ; 0           ; 0            ; 0       ; 0         ; 0    ; 0            ; |Lab3|IR:inst10|74273:inst1                                                                                                                       ; work         ;
;       |74273:inst|                           ; 0 (0)             ; 8 (8)        ; 0           ; 0            ; 0       ; 0         ; 0    ; 0            ; |Lab3|IR:inst10|74273:inst                                                                                                                        ; work         ;
;    |Jump:inst44|                             ; 7 (7)             ; 0 (0)        ; 0           ; 0            ; 0       ; 0         ; 0    ; 0            ; |Lab3|Jump:inst44                                                                                                                                 ; work         ;
;    |MAR:inst1|                               ; 0 (0)             ; 8 (0)        ; 0           ; 0            ; 0       ; 0         ; 0    ; 0            ; |Lab3|MAR:inst1                                                                                                                                   ; work         ;
;       |74273:inst|                           ; 0 (0)             ; 8 (8)        ; 0           ; 0            ; 0       ; 0         ; 0    ; 0            ; |Lab3|MAR:inst1|74273:inst                                                                                                                        ; work         ;
;    |PC:inst2|                                ; 41 (0)            ; 16 (0)       ; 0           ; 0            ; 0       ; 0         ; 0    ; 0            ; |Lab3|PC:inst2                                                                                                                                    ; work         ;
;       |74161:inst1|                          ; 12 (0)            ; 4 (0)        ; 0           ; 0            ; 0       ; 0         ; 0    ; 0            ; |Lab3|PC:inst2|74161:inst1                                                                                                                        ; work         ;
;          |f74161:sub|                        ; 12 (12)           ; 4 (4)        ; 0           ; 0            ; 0       ; 0         ; 0    ; 0            ; |Lab3|PC:inst2|74161:inst1|f74161:sub                                                                                                             ; work         ;
;       |74161:inst2|                          ; 9 (0)             ; 4 (0)        ; 0           ; 0            ; 0       ; 0         ; 0    ; 0            ; |Lab3|PC:inst2|74161:inst2                                                                                                                        ; work         ;
;          |f74161:sub|                        ; 9 (9)             ; 4 (4)        ; 0           ; 0            ; 0       ; 0         ; 0    ; 0            ; |Lab3|PC:inst2|74161:inst2|f74161:sub                                                                                                             ; work         ;
;       |74161:inst3|                          ; 9 (0)             ; 4 (0)        ; 0           ; 0            ; 0       ; 0         ; 0    ; 0            ; |Lab3|PC:inst2|74161:inst3                                                                                                                        ; work         ;
;          |f74161:sub|                        ; 9 (9)             ; 4 (4)        ; 0           ; 0            ; 0       ; 0         ; 0    ; 0            ; |Lab3|PC:inst2|74161:inst3|f74161:sub                                                                                                             ; work         ;
;       |74161:inst|                           ; 11 (0)            ; 4 (0)        ; 0           ; 0            ; 0       ; 0         ; 0    ; 0            ; |Lab3|PC:inst2|74161:inst                                                                                                                         ; work         ;
;          |f74161:sub|                        ; 11 (11)           ; 4 (4)        ; 0           ; 0            ; 0       ; 0         ; 0    ; 0            ; |Lab3|PC:inst2|74161:inst|f74161:sub                                                                                                              ; work         ;
;    |R:inst3|                                 ; 0 (0)             ; 16 (0)       ; 0           ; 0            ; 0       ; 0         ; 0    ; 0            ; |Lab3|R:inst3                                                                                                                                     ; work         ;
;       |74273:inst1|                          ; 0 (0)             ; 8 (8)        ; 0           ; 0            ; 0       ; 0         ; 0    ; 0            ; |Lab3|R:inst3|74273:inst1                                                                                                                         ; work         ;
;       |74273:inst|                           ; 0 (0)             ; 8 (8)        ; 0           ; 0            ; 0       ; 0         ; 0    ; 0            ; |Lab3|R:inst3|74273:inst                                                                                                                          ; work         ;
;    |R:inst4|                                 ; 0 (0)             ; 16 (0)       ; 0           ; 0            ; 0       ; 0         ; 0    ; 0            ; |Lab3|R:inst4                                                                                                                                     ; work         ;
;       |74273:inst1|                          ; 0 (0)             ; 8 (8)        ; 0           ; 0            ; 0       ; 0         ; 0    ; 0            ; |Lab3|R:inst4|74273:inst1                                                                                                                         ; work         ;
;       |74273:inst|                           ; 0 (0)             ; 8 (8)        ; 0           ; 0            ; 0       ; 0         ; 0    ; 0            ; |Lab3|R:inst4|74273:inst                                                                                                                          ; work         ;
;    |R:inst5|                                 ; 0 (0)             ; 16 (0)       ; 0           ; 0            ; 0       ; 0         ; 0    ; 0            ; |Lab3|R:inst5                                                                                                                                     ; work         ;
;       |74273:inst1|                          ; 0 (0)             ; 8 (8)        ; 0           ; 0            ; 0       ; 0         ; 0    ; 0            ; |Lab3|R:inst5|74273:inst1                                                                                                                         ; work         ;
;       |74273:inst|                           ; 0 (0)             ; 8 (8)        ; 0           ; 0            ; 0       ; 0         ; 0    ; 0            ; |Lab3|R:inst5|74273:inst                                                                                                                          ; work         ;
;    |RAM:inst|                                ; 0 (0)             ; 0 (0)        ; 4096        ; 0            ; 0       ; 0         ; 0    ; 0            ; |Lab3|RAM:inst                                                                                                                                    ; work         ;
;       |altsyncram:altsyncram_component|      ; 0 (0)             ; 0 (0)        ; 4096        ; 0            ; 0       ; 0         ; 0    ; 0            ; |Lab3|RAM:inst|altsyncram:altsyncram_component                                                                                                    ; work         ;
;          |altsyncram_54i1:auto_generated|    ; 0 (0)             ; 0 (0)        ; 4096        ; 0            ; 0       ; 0         ; 0    ; 0            ; |Lab3|RAM:inst|altsyncram:altsyncram_component|altsyncram_54i1:auto_generated                                                                     ; work         ;
;    |X:inst8|                                 ; 0 (0)             ; 16 (0)       ; 0           ; 0            ; 0       ; 0         ; 0    ; 0            ; |Lab3|X:inst8                                                                                                                                     ; work         ;
;       |74273:inst1|                          ; 0 (0)             ; 8 (8)        ; 0           ; 0            ; 0       ; 0         ; 0    ; 0            ; |Lab3|X:inst8|74273:inst1                                                                                                                         ; work         ;
;       |74273:inst|                           ; 0 (0)             ; 8 (8)        ; 0           ; 0            ; 0       ; 0         ; 0    ; 0            ; |Lab3|X:inst8|74273:inst                                                                                                                          ; work         ;
;    |Y:inst16|                                ; 0 (0)             ; 16 (0)       ; 0           ; 0            ; 0       ; 0         ; 0    ; 0            ; |Lab3|Y:inst16                                                                                                                                    ; work         ;
;       |74273:inst1|                          ; 0 (0)             ; 8 (8)        ; 0           ; 0            ; 0       ; 0         ; 0    ; 0            ; |Lab3|Y:inst16|74273:inst1                                                                                                                        ; work         ;
;       |74273:inst|                           ; 0 (0)             ; 8 (8)        ; 0           ; 0            ; 0       ; 0         ; 0    ; 0            ; |Lab3|Y:inst16|74273:inst                                                                                                                         ; work         ;
+----------------------------------------------+-------------------+--------------+-------------+--------------+---------+-----------+------+--------------+---------------------------------------------------------------------------------------------------------------------------------------------------+--------------+
Note: For table entries with two numbers listed, the numbers in parentheses indicate the number of resources of the given type used by the specific entity alone. The numbers listed outside of parentheses indicate the total resources of the given type used by the specific entity and all of its sub-entities in the hierarchy.


+----------------------------------------------------------------------------------------------------------------------------------------------------------------------------------------+
; Analysis & Synthesis RAM Summary                                                                                                                                                       ;
+------------------------------------------------------------------------------------+------+-------------+--------------+--------------+--------------+--------------+------+-----------+
; Name                                                                               ; Type ; Mode        ; Port A Depth ; Port A Width ; Port B Depth ; Port B Width ; Size ; MIF       ;
+------------------------------------------------------------------------------------+------+-------------+--------------+--------------+--------------+--------------+------+-----------+
; RAM:inst|altsyncram:altsyncram_component|altsyncram_54i1:auto_generated|ALTSYNCRAM ; AUTO ; Single Port ; 256          ; 16           ; --           ; --           ; 4096 ; test1.mif ;
+------------------------------------------------------------------------------------+------+-------------+--------------+--------------+--------------+--------------+------+-----------+


+-----------------------------------------------------+
; Analysis & Synthesis DSP Block Usage Summary        ;
+---------------------------------------+-------------+
; Statistic                             ; Number Used ;
+---------------------------------------+-------------+
; Simple Multipliers (9-bit)            ; 1           ;
; Simple Multipliers (18-bit)           ; 0           ;
; Embedded Multiplier Blocks            ; --          ;
; Embedded Multiplier 9-bit elements    ; 1           ;
; Signed Embedded Multipliers           ; 1           ;
; Unsigned Embedded Multipliers         ; 0           ;
; Mixed Sign Embedded Multipliers       ; 0           ;
; Variable Sign Embedded Multipliers    ; 0           ;
; Dedicated Input Shift Register Chains ; 0           ;
+---------------------------------------+-------------+
Note: number of Embedded Multiplier Blocks used is only available after a successful fit.


+-------------------------------------------------------------------------------------------------------------------------------+
; Analysis & Synthesis IP Cores Summary                                                                                         ;
+--------+--------------+---------+--------------+--------------+-----------------------------------+---------------------------+
; Vendor ; IP Core Name ; Version ; Release Date ; License Type ; Entity Instance                   ; IP Include File           ;
+--------+--------------+---------+--------------+--------------+-----------------------------------+---------------------------+
; Altera ; RAM: 1-PORT  ; 13.0    ; N/A          ; N/A          ; |Lab3|RAM:inst                    ; D:/JiZuKeShe/Lab4/RAM.vhd ;
; Altera ; LPM_MULT     ; 13.0    ; N/A          ; N/A          ; |Lab3|16_Bit_ALU:inst7|MUL:inst7  ; D:/JiZuKeShe/Lab4/MUL.vhd ;
; Altera ; LPM_DIVIDE   ; 13.0    ; N/A          ; N/A          ; |Lab3|16_Bit_ALU:inst7|DIV:inst10 ; D:/JiZuKeShe/Lab4/DIV.vhd ;
+--------+--------------+---------+--------------+--------------+-----------------------------------+---------------------------+


+-------------------------------------------------------------+
; Registers Removed During Synthesis                          ;
+----------------------------------------+--------------------+
; Register name                          ; Reason for Removal ;
+----------------------------------------+--------------------+
; MDR:inst11|74273:inst1|12              ; Lost fanout        ;
; MDR:inst11|74273:inst1|13              ; Lost fanout        ;
; MDR:inst11|74273:inst1|14              ; Lost fanout        ;
; MDR:inst11|74273:inst1|15              ; Lost fanout        ;
; MDR:inst11|74273:inst1|16              ; Lost fanout        ;
; MDR:inst11|74273:inst1|17              ; Lost fanout        ;
; MDR:inst11|74273:inst1|18              ; Lost fanout        ;
; MDR:inst11|74273:inst1|19              ; Lost fanout        ;
; MDR:inst11|74273:inst|12               ; Lost fanout        ;
; MDR:inst11|74273:inst|13               ; Lost fanout        ;
; MDR:inst11|74273:inst|14               ; Lost fanout        ;
; MDR:inst11|74273:inst|15               ; Lost fanout        ;
; MDR:inst11|74273:inst|16               ; Lost fanout        ;
; MDR:inst11|74273:inst|17               ; Lost fanout        ;
; MDR:inst11|74273:inst|18               ; Lost fanout        ;
; MDR:inst11|74273:inst|19               ; Lost fanout        ;
; Total Number of Removed Registers = 16 ;                    ;
+----------------------------------------+--------------------+


+------------------------------------------------------+
; General Register Statistics                          ;
+----------------------------------------------+-------+
; Statistic                                    ; Value ;
+----------------------------------------------+-------+
; Total registers                              ; 156   ;
; Number of registers using Synchronous Clear  ; 0     ;
; Number of registers using Synchronous Load   ; 0     ;
; Number of registers using Asynchronous Clear ; 0     ;
; Number of registers using Asynchronous Load  ; 0     ;
; Number of registers using Clock Enable       ; 0     ;
; Number of registers using Preset             ; 0     ;
+----------------------------------------------+-------+


+--------------------------------------------------+
; Inverted Register Statistics                     ;
+----------------------------------------+---------+
; Inverted Register                      ; Fan out ;
+----------------------------------------+---------+
; CU:inst6|Beats:inst|inst               ; 2       ;
; CU:inst6|Beats:inst1|inst              ; 2       ;
; Total number of inverted registers = 2 ;         ;
+----------------------------------------+---------+


+--------------------------------------------------------------------------------------------------------------------------------------------------------+
; Multiplexer Restructuring Statistics (Restructuring Performed)                                                                                         ;
+--------------------+-----------+---------------+----------------------+------------------------+------------+------------------------------------------+
; Multiplexer Inputs ; Bus Width ; Baseline Area ; Area if Restructured ; Saving if Restructured ; Registered ; Example Multiplexer Output               ;
+--------------------+-----------+---------------+----------------------+------------------------+------------+------------------------------------------+
; 7:1                ; 4 bits    ; 16 LEs        ; 12 LEs               ; 4 LEs                  ; No         ; |Lab3|16_Bit_ALU:inst7|Shift:inst2|O[4]  ;
; 7:1                ; 4 bits    ; 16 LEs        ; 12 LEs               ; 4 LEs                  ; No         ; |Lab3|16_Bit_ALU:inst7|Shift:inst2|O[8]  ;
; 8:1                ; 2 bits    ; 10 LEs        ; 8 LEs                ; 2 LEs                  ; No         ; |Lab3|16_Bit_ALU:inst7|Shift:inst2|O[2]  ;
; 8:1                ; 2 bits    ; 10 LEs        ; 8 LEs                ; 2 LEs                  ; No         ; |Lab3|16_Bit_ALU:inst7|Shift:inst2|O[12] ;
; 8:1                ; 9 bits    ; 45 LEs        ; 45 LEs               ; 0 LEs                  ; No         ; |Lab3|gdfx_temp0[10]                     ;
; 8:1                ; 7 bits    ; 35 LEs        ; 35 LEs               ; 0 LEs                  ; No         ; |Lab3|gdfx_temp0[1]                      ;
; 9:1                ; 2 bits    ; 12 LEs        ; 10 LEs               ; 2 LEs                  ; No         ; |Lab3|16_Bit_ALU:inst7|Shift:inst2|O[0]  ;
; 9:1                ; 2 bits    ; 12 LEs        ; 10 LEs               ; 2 LEs                  ; No         ; |Lab3|16_Bit_ALU:inst7|Shift:inst2|O[14] ;
+--------------------+-----------+---------------+----------------------+------------------------+------------+------------------------------------------+


+------------------------------------------------------------------------------------------------+
; Source assignments for RAM:inst|altsyncram:altsyncram_component|altsyncram_54i1:auto_generated ;
+---------------------------------+--------------------+------+----------------------------------+
; Assignment                      ; Value              ; From ; To                               ;
+---------------------------------+--------------------+------+----------------------------------+
; OPTIMIZE_POWER_DURING_SYNTHESIS ; NORMAL_COMPILATION ; -    ; -                                ;
+---------------------------------+--------------------+------+----------------------------------+


+-------------------------------------------------------------------+
; Parameter Settings for User Entity Instance: PC:inst2|74161:inst1 ;
+------------------------+--------------+---------------------------+
; Parameter Name         ; Value        ; Type                      ;
+------------------------+--------------+---------------------------+
; DEVICE_FAMILY          ; Cyclone IV E ; Untyped                   ;
; AUTO_CARRY_CHAINS      ; ON           ; AUTO_CARRY                ;
; IGNORE_CARRY_BUFFERS   ; OFF          ; IGNORE_CARRY              ;
; AUTO_CASCADE_CHAINS    ; ON           ; AUTO_CASCADE              ;
; IGNORE_CASCADE_BUFFERS ; OFF          ; IGNORE_CASCADE            ;
+------------------------+--------------+---------------------------+
Note: In order to hide this table in the UI and the text report file, please set the "Show Parameter Settings in Synthesis Report" option in "Analysis and Synthesis Settings -> More Settings" to "Off".


+------------------------------------------------------------------+
; Parameter Settings for User Entity Instance: PC:inst2|74161:inst ;
+------------------------+--------------+--------------------------+
; Parameter Name         ; Value        ; Type                     ;
+------------------------+--------------+--------------------------+
; DEVICE_FAMILY          ; Cyclone IV E ; Untyped                  ;
; AUTO_CARRY_CHAINS      ; ON           ; AUTO_CARRY               ;
; IGNORE_CARRY_BUFFERS   ; OFF          ; IGNORE_CARRY             ;
; AUTO_CASCADE_CHAINS    ; ON           ; AUTO_CASCADE             ;
; IGNORE_CASCADE_BUFFERS ; OFF          ; IGNORE_CASCADE           ;
+------------------------+--------------+--------------------------+
Note: In order to hide this table in the UI and the text report file, please set the "Show Parameter Settings in Synthesis Report" option in "Analysis and Synthesis Settings -> More Settings" to "Off".


+-------------------------------------------------------------------+
; Parameter Settings for User Entity Instance: PC:inst2|74161:inst2 ;
+------------------------+--------------+---------------------------+
; Parameter Name         ; Value        ; Type                      ;
+------------------------+--------------+---------------------------+
; DEVICE_FAMILY          ; Cyclone IV E ; Untyped                   ;
; AUTO_CARRY_CHAINS      ; ON           ; AUTO_CARRY                ;
; IGNORE_CARRY_BUFFERS   ; OFF          ; IGNORE_CARRY              ;
; AUTO_CASCADE_CHAINS    ; ON           ; AUTO_CASCADE              ;
; IGNORE_CASCADE_BUFFERS ; OFF          ; IGNORE_CASCADE            ;
+------------------------+--------------+---------------------------+
Note: In order to hide this table in the UI and the text report file, please set the "Show Parameter Settings in Synthesis Report" option in "Analysis and Synthesis Settings -> More Settings" to "Off".


+-------------------------------------------------------------------+
; Parameter Settings for User Entity Instance: PC:inst2|74161:inst3 ;
+------------------------+--------------+---------------------------+
; Parameter Name         ; Value        ; Type                      ;
+------------------------+--------------+---------------------------+
; DEVICE_FAMILY          ; Cyclone IV E ; Untyped                   ;
; AUTO_CARRY_CHAINS      ; ON           ; AUTO_CARRY                ;
; IGNORE_CARRY_BUFFERS   ; OFF          ; IGNORE_CARRY              ;
; AUTO_CASCADE_CHAINS    ; ON           ; AUTO_CASCADE              ;
; IGNORE_CASCADE_BUFFERS ; OFF          ; IGNORE_CASCADE            ;
+------------------------+--------------+---------------------------+
Note: In order to hide this table in the UI and the text report file, please set the "Show Parameter Settings in Synthesis Report" option in "Analysis and Synthesis Settings -> More Settings" to "Off".


+-----------------------------------------------------------------------------------------------------+
; Parameter Settings for User Entity Instance: 16_Bit_ALU:inst7|MUL:inst7|lpm_mult:lpm_mult_component ;
+------------------------------------------------+--------------+-------------------------------------+
; Parameter Name                                 ; Value        ; Type                                ;
+------------------------------------------------+--------------+-------------------------------------+
; AUTO_CARRY_CHAINS                              ; ON           ; AUTO_CARRY                          ;
; IGNORE_CARRY_BUFFERS                           ; OFF          ; IGNORE_CARRY                        ;
; AUTO_CASCADE_CHAINS                            ; ON           ; AUTO_CASCADE                        ;
; IGNORE_CASCADE_BUFFERS                         ; OFF          ; IGNORE_CASCADE                      ;
; LPM_WIDTHA                                     ; 8            ; Signed Integer                      ;
; LPM_WIDTHB                                     ; 8            ; Signed Integer                      ;
; LPM_WIDTHP                                     ; 16           ; Signed Integer                      ;
; LPM_WIDTHR                                     ; 0            ; Untyped                             ;
; LPM_WIDTHS                                     ; 1            ; Untyped                             ;
; LPM_REPRESENTATION                             ; SIGNED       ; Untyped                             ;
; LPM_PIPELINE                                   ; 0            ; Untyped                             ;
; LATENCY                                        ; 0            ; Untyped                             ;
; INPUT_A_IS_CONSTANT                            ; NO           ; Untyped                             ;
; INPUT_B_IS_CONSTANT                            ; NO           ; Untyped                             ;
; USE_EAB                                        ; OFF          ; Untyped                             ;
; MAXIMIZE_SPEED                                 ; 5            ; Untyped                             ;
; DEVICE_FAMILY                                  ; Cyclone IV E ; Untyped                             ;
; CARRY_CHAIN                                    ; MANUAL       ; Untyped                             ;
; APEX20K_TECHNOLOGY_MAPPER                      ; LUT          ; TECH_MAPPER_APEX20K                 ;
; DEDICATED_MULTIPLIER_CIRCUITRY                 ; AUTO         ; Untyped                             ;
; DEDICATED_MULTIPLIER_MIN_INPUT_WIDTH_FOR_AUTO  ; 0            ; Untyped                             ;
; DEDICATED_MULTIPLIER_MIN_OUTPUT_WIDTH_FOR_AUTO ; 0            ; Untyped                             ;
; CBXI_PARAMETER                                 ; mult_p5n     ; Untyped                             ;
; INPUT_A_FIXED_VALUE                            ; Bx           ; Untyped                             ;
; INPUT_B_FIXED_VALUE                            ; Bx           ; Untyped                             ;
; USE_AHDL_IMPLEMENTATION                        ; OFF          ; Untyped                             ;
+------------------------------------------------+--------------+-------------------------------------+
Note: In order to hide this table in the UI and the text report file, please set the "Show Parameter Settings in Synthesis Report" option in "Analysis and Synthesis Settings -> More Settings" to "Off".


+----------------------------------------------------------------------------------------------------------+
; Parameter Settings for User Entity Instance: 16_Bit_ALU:inst7|DIV:inst10|lpm_divide:LPM_DIVIDE_component ;
+------------------------+----------------+----------------------------------------------------------------+
; Parameter Name         ; Value          ; Type                                                           ;
+------------------------+----------------+----------------------------------------------------------------+
; LPM_WIDTHN             ; 16             ; Signed Integer                                                 ;
; LPM_WIDTHD             ; 16             ; Signed Integer                                                 ;
; LPM_NREPRESENTATION    ; SIGNED         ; Untyped                                                        ;
; LPM_DREPRESENTATION    ; SIGNED         ; Untyped                                                        ;
; LPM_PIPELINE           ; 0              ; Untyped                                                        ;
; LPM_REMAINDERPOSITIVE  ; TRUE           ; Untyped                                                        ;
; MAXIMIZE_SPEED         ; 5              ; Untyped                                                        ;
; CBXI_PARAMETER         ; lpm_divide_ukp ; Untyped                                                        ;
; CARRY_CHAIN            ; MANUAL         ; Untyped                                                        ;
; OPTIMIZE_FOR_SPEED     ; 5              ; Untyped                                                        ;
; AUTO_CARRY_CHAINS      ; ON             ; AUTO_CARRY                                                     ;
; IGNORE_CARRY_BUFFERS   ; OFF            ; IGNORE_CARRY                                                   ;
; AUTO_CASCADE_CHAINS    ; ON             ; AUTO_CASCADE                                                   ;
; IGNORE_CASCADE_BUFFERS ; OFF            ; IGNORE_CASCADE                                                 ;
+------------------------+----------------+----------------------------------------------------------------+
Note: In order to hide this table in the UI and the text report file, please set the "Show Parameter Settings in Synthesis Report" option in "Analysis and Synthesis Settings -> More Settings" to "Off".


+---------------------------------------------------------------------------------------+
; Parameter Settings for User Entity Instance: RAM:inst|altsyncram:altsyncram_component ;
+------------------------------------+----------------------+---------------------------+
; Parameter Name                     ; Value                ; Type                      ;
+------------------------------------+----------------------+---------------------------+
; BYTE_SIZE_BLOCK                    ; 8                    ; Untyped                   ;
; AUTO_CARRY_CHAINS                  ; ON                   ; AUTO_CARRY                ;
; IGNORE_CARRY_BUFFERS               ; OFF                  ; IGNORE_CARRY              ;
; AUTO_CASCADE_CHAINS                ; ON                   ; AUTO_CASCADE              ;
; IGNORE_CASCADE_BUFFERS             ; OFF                  ; IGNORE_CASCADE            ;
; WIDTH_BYTEENA                      ; 1                    ; Untyped                   ;
; OPERATION_MODE                     ; SINGLE_PORT          ; Untyped                   ;
; WIDTH_A                            ; 16                   ; Signed Integer            ;
; WIDTHAD_A                          ; 8                    ; Signed Integer            ;
; NUMWORDS_A                         ; 256                  ; Signed Integer            ;
; OUTDATA_REG_A                      ; UNREGISTERED         ; Untyped                   ;
; ADDRESS_ACLR_A                     ; NONE                 ; Untyped                   ;
; OUTDATA_ACLR_A                     ; NONE                 ; Untyped                   ;
; WRCONTROL_ACLR_A                   ; NONE                 ; Untyped                   ;
; INDATA_ACLR_A                      ; NONE                 ; Untyped                   ;
; BYTEENA_ACLR_A                     ; NONE                 ; Untyped                   ;
; WIDTH_B                            ; 1                    ; Untyped                   ;
; WIDTHAD_B                          ; 1                    ; Untyped                   ;
; NUMWORDS_B                         ; 1                    ; Untyped                   ;
; INDATA_REG_B                       ; CLOCK1               ; Untyped                   ;
; WRCONTROL_WRADDRESS_REG_B          ; CLOCK1               ; Untyped                   ;
; RDCONTROL_REG_B                    ; CLOCK1               ; Untyped                   ;
; ADDRESS_REG_B                      ; CLOCK1               ; Untyped                   ;
; OUTDATA_REG_B                      ; UNREGISTERED         ; Untyped                   ;
; BYTEENA_REG_B                      ; CLOCK1               ; Untyped                   ;
; INDATA_ACLR_B                      ; NONE                 ; Untyped                   ;
; WRCONTROL_ACLR_B                   ; NONE                 ; Untyped                   ;
; ADDRESS_ACLR_B                     ; NONE                 ; Untyped                   ;
; OUTDATA_ACLR_B                     ; NONE                 ; Untyped                   ;
; RDCONTROL_ACLR_B                   ; NONE                 ; Untyped                   ;
; BYTEENA_ACLR_B                     ; NONE                 ; Untyped                   ;
; WIDTH_BYTEENA_A                    ; 1                    ; Signed Integer            ;
; WIDTH_BYTEENA_B                    ; 1                    ; Untyped                   ;
; RAM_BLOCK_TYPE                     ; AUTO                 ; Untyped                   ;
; BYTE_SIZE                          ; 8                    ; Untyped                   ;
; READ_DURING_WRITE_MODE_MIXED_PORTS ; DONT_CARE            ; Untyped                   ;
; READ_DURING_WRITE_MODE_PORT_A      ; NEW_DATA_NO_NBE_READ ; Untyped                   ;
; READ_DURING_WRITE_MODE_PORT_B      ; NEW_DATA_NO_NBE_READ ; Untyped                   ;
; INIT_FILE                          ; test1.mif            ; Untyped                   ;
; INIT_FILE_LAYOUT                   ; PORT_A               ; Untyped                   ;
; MAXIMUM_DEPTH                      ; 0                    ; Untyped                   ;
; CLOCK_ENABLE_INPUT_A               ; BYPASS               ; Untyped                   ;
; CLOCK_ENABLE_INPUT_B               ; NORMAL               ; Untyped                   ;
; CLOCK_ENABLE_OUTPUT_A              ; BYPASS               ; Untyped                   ;
; CLOCK_ENABLE_OUTPUT_B              ; NORMAL               ; Untyped                   ;
; CLOCK_ENABLE_CORE_A                ; USE_INPUT_CLKEN      ; Untyped                   ;
; CLOCK_ENABLE_CORE_B                ; USE_INPUT_CLKEN      ; Untyped                   ;
; ENABLE_ECC                         ; FALSE                ; Untyped                   ;
; ECC_PIPELINE_STAGE_ENABLED         ; FALSE                ; Untyped                   ;
; WIDTH_ECCSTATUS                    ; 3                    ; Untyped                   ;
; DEVICE_FAMILY                      ; Cyclone IV E         ; Untyped                   ;
; CBXI_PARAMETER                     ; altsyncram_54i1      ; Untyped                   ;
+------------------------------------+----------------------+---------------------------+
Note: In order to hide this table in the UI and the text report file, please set the "Show Parameter Settings in Synthesis Report" option in "Analysis and Synthesis Settings -> More Settings" to "Off".


+------------------------------------------------------------------------------------------------+
; lpm_mult Parameter Settings by Entity Instance                                                 ;
+---------------------------------------+--------------------------------------------------------+
; Name                                  ; Value                                                  ;
+---------------------------------------+--------------------------------------------------------+
; Number of entity instances            ; 1                                                      ;
; Entity Instance                       ; 16_Bit_ALU:inst7|MUL:inst7|lpm_mult:lpm_mult_component ;
;     -- LPM_WIDTHA                     ; 8                                                      ;
;     -- LPM_WIDTHB                     ; 8                                                      ;
;     -- LPM_WIDTHP                     ; 16                                                     ;
;     -- LPM_REPRESENTATION             ; SIGNED                                                 ;
;     -- INPUT_A_IS_CONSTANT            ; NO                                                     ;
;     -- INPUT_B_IS_CONSTANT            ; NO                                                     ;
;     -- USE_EAB                        ; OFF                                                    ;
;     -- DEDICATED_MULTIPLIER_CIRCUITRY ; AUTO                                                   ;
;     -- INPUT_A_FIXED_VALUE            ; Bx                                                     ;
;     -- INPUT_B_FIXED_VALUE            ; Bx                                                     ;
+---------------------------------------+--------------------------------------------------------+


+--------------------------------------------------------------------------------------+
; altsyncram Parameter Settings by Entity Instance                                     ;
+-------------------------------------------+------------------------------------------+
; Name                                      ; Value                                    ;
+-------------------------------------------+------------------------------------------+
; Number of entity instances                ; 1                                        ;
; Entity Instance                           ; RAM:inst|altsyncram:altsyncram_component ;
;     -- OPERATION_MODE                     ; SINGLE_PORT                              ;
;     -- WIDTH_A                            ; 16                                       ;
;     -- NUMWORDS_A                         ; 256                                      ;
;     -- OUTDATA_REG_A                      ; UNREGISTERED                             ;
;     -- WIDTH_B                            ; 1                                        ;
;     -- NUMWORDS_B                         ; 1                                        ;
;     -- ADDRESS_REG_B                      ; CLOCK1                                   ;
;     -- OUTDATA_REG_B                      ; UNREGISTERED                             ;
;     -- RAM_BLOCK_TYPE                     ; AUTO                                     ;
;     -- READ_DURING_WRITE_MODE_MIXED_PORTS ; DONT_CARE                                ;
+-------------------------------------------+------------------------------------------+


+-------------------------------+
; Elapsed Time Per Partition    ;
+----------------+--------------+
; Partition Name ; Elapsed Time ;
+----------------+--------------+
; Top            ; 00:00:02     ;
+----------------+--------------+


+-------------------------------+
; Analysis & Synthesis Messages ;
+-------------------------------+
Info: *******************************************************************
Info: Running Quartus II 64-Bit Analysis & Synthesis
    Info: Version 13.0.1 Build 232 06/12/2013 Service Pack 1 SJ Full Version
    Info: Processing started: Fri Dec 04 17:25:25 2020
Info: Command: quartus_map --read_settings_files=on --write_settings_files=off Lab3 -c Lab3
Info (11104): Parallel Compilation has detected 8 hyper-threaded processors. However, the extra hyper-threaded processors will not be used by default. Parallel Compilation will use 4 of the 4 physical processors detected instead.
Info (12021): Found 1 design units, including 1 entities, in source file beat_generator.bdf
    Info (12023): Found entity 1: Beat_Generator
Info (12021): Found 1 design units, including 1 entities, in source file upc.bdf
    Info (12023): Found entity 1: uPC
Info (12021): Found 1 design units, including 1 entities, in source file uir.bdf
    Info (12023): Found entity 1: uIR
Info (12021): Found 1 design units, including 1 entities, in source file data_selector.bdf
    Info (12023): Found entity 1: Data_Selector
Info (12021): Found 1 design units, including 1 entities, in source file pc.bdf
    Info (12023): Found entity 1: PC
Info (12021): Found 1 design units, including 1 entities, in source file mar.bdf
    Info (12023): Found entity 1: MAR
Info (12021): Found 1 design units, including 1 entities, in source file 8_bit_alu.bdf
    Info (12023): Found entity 1: 8_Bit_ALU
Info (12021): Found 1 design units, including 1 entities, in source file r.bdf
    Info (12023): Found entity 1: R
Info (12021): Found 1 design units, including 1 entities, in source file 16_bit_alu.bdf
    Info (12023): Found entity 1: 16_Bit_ALU
Info (12021): Found 2 design units, including 1 entities, in source file ram.vhd
    Info (12022): Found design unit 1: ram-SYN
    Info (12023): Found entity 1: RAM
Info (12021): Found 1 design units, including 1 entities, in source file lab3.bdf
    Info (12023): Found entity 1: Lab3
Info (12021): Found 1 design units, including 1 entities, in source file ir.bdf
    Info (12023): Found entity 1: IR
Info (12021): Found 1 design units, including 1 entities, in source file x.bdf
    Info (12023): Found entity 1: X
Info (12021): Found 1 design units, including 1 entities, in source file acc.bdf
    Info (12023): Found entity 1: ACC
Info (12021): Found 1 design units, including 1 entities, in source file mdr.bdf
    Info (12023): Found entity 1: MDR
Info (12021): Found 1 design units, including 1 entities, in source file 16_bit_tri.bdf
    Info (12023): Found entity 1: 16_Bit_Tri
Info (12021): Found 2 design units, including 1 entities, in source file crom.vhd
    Info (12022): Found design unit 1: crom-SYN
    Info (12023): Found entity 1: CROM
Info (12021): Found 1 design units, including 1 entities, in source file cu.bdf
    Info (12023): Found entity 1: CU
Info (12021): Found 1 design units, including 1 entities, in source file decoder_4_16.bdf
    Info (12023): Found entity 1: Decoder_4_16
Info (12021): Found 1 design units, including 1 entities, in source file decoder_2_4.bdf
    Info (12023): Found entity 1: Decoder_2_4
Info (12021): Found 1 design units, including 1 entities, in source file send_imm.bdf
    Info (12023): Found entity 1: Send_Imm
Info (12021): Found 1 design units, including 1 entities, in source file jump.bdf
    Info (12023): Found entity 1: Jump
Info (12021): Found 1 design units, including 1 entities, in source file decoder_3_8.bdf
    Info (12023): Found entity 1: Decoder_3_8
Info (12021): Found 1 design units, including 1 entities, in source file y.bdf
    Info (12023): Found entity 1: Y
Info (12021): Found 2 design units, including 1 entities, in source file mul.vhd
    Info (12022): Found design unit 1: mul-SYN
    Info (12023): Found entity 1: MUL
Info (12021): Found 1 design units, including 1 entities, in source file 8_bit_mul.bdf
    Info (12023): Found entity 1: 8_Bit_Mul
Info (12021): Found 1 design units, including 1 entities, in source file shift.v
    Info (12023): Found entity 1: Shift
Info (12021): Found 1 design units, including 1 entities, in source file three_one.bdf
    Info (12023): Found entity 1: Three_One
Info (12021): Found 1 design units, including 1 entities, in source file three_one_16bit.bdf
    Info (12023): Found entity 1: Three_One_16Bit
Info (12021): Found 1 design units, including 1 entities, in source file ss.bdf
    Info (12023): Found entity 1: SS
Info (12021): Found 1 design units, including 1 entities, in source file sp.bdf
    Info (12023): Found entity 1: SP
Info (12021): Found 2 design units, including 1 entities, in source file div.vhd
    Info (12022): Found design unit 1: div-SYN
    Info (12023): Found entity 1: DIV
Info (12021): Found 1 design units, including 1 entities, in source file test_div.bdf
    Info (12023): Found entity 1: Test_Div
Info (12021): Found 1 design units, including 1 entities, in source file four_one.bdf
    Info (12023): Found entity 1: Four_One
Info (12021): Found 1 design units, including 1 entities, in source file four_one_16bit.bdf
    Info (12023): Found entity 1: Four_One_16Bit
Info (12021): Found 1 design units, including 1 entities, in source file decoder_5_32.bdf
    Info (12023): Found entity 1: Decoder_5_32
Info (12021): Found 1 design units, including 1 entities, in source file testram.bdf
    Info (12023): Found entity 1: testRAM
Info (12021): Found 1 design units, including 1 entities, in source file beats.bdf
    Info (12023): Found entity 1: Beats
Info (12021): Found 1 design units, including 1 entities, in source file cpr_test.bdf
    Info (12023): Found entity 1: CPR_Test
Info (12127): Elaborating entity "Lab3" for the top level hierarchy
Info (12128): Elaborating entity "R" for hierarchy "R:inst3"
Info (12128): Elaborating entity "74273" for hierarchy "R:inst3|74273:inst"
Info (12130): Elaborated megafunction instantiation "R:inst3|74273:inst"
Info (12128): Elaborating entity "Decoder_2_4" for hierarchy "Decoder_2_4:inst40"
Info (12128): Elaborating entity "IR" for hierarchy "IR:inst10"
Info (12128): Elaborating entity "Decoder_4_16" for hierarchy "Decoder_4_16:inst13"
Info (12128): Elaborating entity "74138" for hierarchy "Decoder_4_16:inst13|74138:inst"
Info (12130): Elaborated megafunction instantiation "Decoder_4_16:inst13|74138:inst"
Info (12128): Elaborating entity "CU" for hierarchy "CU:inst6"
Info (12128): Elaborating entity "Beats" for hierarchy "CU:inst6|Beats:inst"
Info (12128): Elaborating entity "Decoder_5_32" for hierarchy "CU:inst6|Decoder_5_32:inst3"
Info (12128): Elaborating entity "74154" for hierarchy "CU:inst6|Decoder_5_32:inst3|74154:inst"
Info (12130): Elaborated megafunction instantiation "CU:inst6|Decoder_5_32:inst3|74154:inst"
Info (12128): Elaborating entity "16_Bit_Tri" for hierarchy "16_Bit_Tri:inst56"
Info (12128): Elaborating entity "Send_Imm" for hierarchy "Send_Imm:inst20"
Info (12128): Elaborating entity "PC" for hierarchy "PC:inst2"
Info (12128): Elaborating entity "74161" for hierarchy "PC:inst2|74161:inst1"
Info (12130): Elaborated megafunction instantiation "PC:inst2|74161:inst1"
Info (12128): Elaborating entity "f74161" for hierarchy "PC:inst2|74161:inst1|f74161:sub"
Info (12131): Elaborated megafunction instantiation "PC:inst2|74161:inst1|f74161:sub", which is child of megafunction instantiation "PC:inst2|74161:inst1"
Info (12128): Elaborating entity "74161" for hierarchy "PC:inst2|74161:inst2"
Info (12130): Elaborated megafunction instantiation "PC:inst2|74161:inst2"
Info (12128): Elaborating entity "Jump" for hierarchy "Jump:inst44"
Info (12128): Elaborating entity "ACC" for hierarchy "ACC:inst9"
Info (12128): Elaborating entity "16_Bit_ALU" for hierarchy "16_Bit_ALU:inst7"
Info (12128): Elaborating entity "74181" for hierarchy "16_Bit_ALU:inst7|74181:inst4"
Info (12130): Elaborated megafunction instantiation "16_Bit_ALU:inst7|74181:inst4"
Info (12128): Elaborating entity "74182" for hierarchy "16_Bit_ALU:inst7|74182:inst5"
Info (12130): Elaborated megafunction instantiation "16_Bit_ALU:inst7|74182:inst5"
Info (12128): Elaborating entity "Four_One_16Bit" for hierarchy "16_Bit_ALU:inst7|Four_One_16Bit:inst11"
Info (12128): Elaborating entity "Four_One" for hierarchy "16_Bit_ALU:inst7|Four_One_16Bit:inst11|Four_One:inst"
Info (12128): Elaborating entity "Shift" for hierarchy "16_Bit_ALU:inst7|Shift:inst2"
Info (12128): Elaborating entity "MUL" for hierarchy "16_Bit_ALU:inst7|MUL:inst7"
Info (12128): Elaborating entity "lpm_mult" for hierarchy "16_Bit_ALU:inst7|MUL:inst7|lpm_mult:lpm_mult_component"
Info (12130): Elaborated megafunction instantiation "16_Bit_ALU:inst7|MUL:inst7|lpm_mult:lpm_mult_component"
Info (12133): Instantiated megafunction "16_Bit_ALU:inst7|MUL:inst7|lpm_mult:lpm_mult_component" with the following parameter:
    Info (12134): Parameter "lpm_hint" = "MAXIMIZE_SPEED=5"
    Info (12134): Parameter "lpm_representation" = "SIGNED"
    Info (12134): Parameter "lpm_type" = "LPM_MULT"
    Info (12134): Parameter "lpm_widtha" = "8"
    Info (12134): Parameter "lpm_widthb" = "8"
    Info (12134): Parameter "lpm_widthp" = "16"
Info (12021): Found 1 design units, including 1 entities, in source file db/mult_p5n.tdf
    Info (12023): Found entity 1: mult_p5n
Info (12128): Elaborating entity "mult_p5n" for hierarchy "16_Bit_ALU:inst7|MUL:inst7|lpm_mult:lpm_mult_component|mult_p5n:auto_generated"
Info (12128): Elaborating entity "DIV" for hierarchy "16_Bit_ALU:inst7|DIV:inst10"
Info (12128): Elaborating entity "lpm_divide" for hierarchy "16_Bit_ALU:inst7|DIV:inst10|lpm_divide:LPM_DIVIDE_component"
Info (12130): Elaborated megafunction instantiation "16_Bit_ALU:inst7|DIV:inst10|lpm_divide:LPM_DIVIDE_component"
Info (12133): Instantiated megafunction "16_Bit_ALU:inst7|DIV:inst10|lpm_divide:LPM_DIVIDE_component" with the following parameter:
    Info (12134): Parameter "lpm_drepresentation" = "SIGNED"
    Info (12134): Parameter "lpm_hint" = "LPM_REMAINDERPOSITIVE=TRUE"
    Info (12134): Parameter "lpm_nrepresentation" = "SIGNED"
    Info (12134): Parameter "lpm_type" = "LPM_DIVIDE"
    Info (12134): Parameter "lpm_widthd" = "16"
    Info (12134): Parameter "lpm_widthn" = "16"
Info (12021): Found 1 design units, including 1 entities, in source file db/lpm_divide_ukp.tdf
    Info (12023): Found entity 1: lpm_divide_ukp
Info (12128): Elaborating entity "lpm_divide_ukp" for hierarchy "16_Bit_ALU:inst7|DIV:inst10|lpm_divide:LPM_DIVIDE_component|lpm_divide_ukp:auto_generated"
Info (12021): Found 1 design units, including 1 entities, in source file db/sign_div_unsign_79h.tdf
    Info (12023): Found entity 1: sign_div_unsign_79h
Info (12128): Elaborating entity "sign_div_unsign_79h" for hierarchy "16_Bit_ALU:inst7|DIV:inst10|lpm_divide:LPM_DIVIDE_component|lpm_divide_ukp:auto_generated|sign_div_unsign_79h:divider"
Info (12021): Found 1 design units, including 1 entities, in source file db/alt_u_div_eaf.tdf
    Info (12023): Found entity 1: alt_u_div_eaf
Info (12128): Elaborating entity "alt_u_div_eaf" for hierarchy "16_Bit_ALU:inst7|DIV:inst10|lpm_divide:LPM_DIVIDE_component|lpm_divide_ukp:auto_generated|sign_div_unsign_79h:divider|alt_u_div_eaf:divider"
Info (12021): Found 1 design units, including 1 entities, in source file db/add_sub_9pc.tdf
    Info (12023): Found entity 1: add_sub_9pc
Info (12128): Elaborating entity "add_sub_9pc" for hierarchy "16_Bit_ALU:inst7|DIV:inst10|lpm_divide:LPM_DIVIDE_component|lpm_divide_ukp:auto_generated|sign_div_unsign_79h:divider|alt_u_div_eaf:divider|add_sub_9pc:add_sub_0"
Info (12021): Found 1 design units, including 1 entities, in source file db/add_sub_apc.tdf
    Info (12023): Found entity 1: add_sub_apc
Info (12128): Elaborating entity "add_sub_apc" for hierarchy "16_Bit_ALU:inst7|DIV:inst10|lpm_divide:LPM_DIVIDE_component|lpm_divide_ukp:auto_generated|sign_div_unsign_79h:divider|alt_u_div_eaf:divider|add_sub_apc:add_sub_1"
Info (12128): Elaborating entity "Y" for hierarchy "Y:inst16"
Info (12128): Elaborating entity "X" for hierarchy "X:inst8"
Info (12128): Elaborating entity "RAM" for hierarchy "RAM:inst"
Info (12128): Elaborating entity "altsyncram" for hierarchy "RAM:inst|altsyncram:altsyncram_component"
Info (12130): Elaborated megafunction instantiation "RAM:inst|altsyncram:altsyncram_component"
Info (12133): Instantiated megafunction "RAM:inst|altsyncram:altsyncram_component" with the following parameter:
    Info (12134): Parameter "clock_enable_input_a" = "BYPASS"
    Info (12134): Parameter "clock_enable_output_a" = "BYPASS"
    Info (12134): Parameter "init_file" = "test1.mif"
    Info (12134): Parameter "intended_device_family" = "Cyclone IV E"
    Info (12134): Parameter "lpm_hint" = "ENABLE_RUNTIME_MOD=NO"
    Info (12134): Parameter "lpm_type" = "altsyncram"
    Info (12134): Parameter "numwords_a" = "256"
    Info (12134): Parameter "operation_mode" = "SINGLE_PORT"
    Info (12134): Parameter "outdata_aclr_a" = "NONE"
    Info (12134): Parameter "outdata_reg_a" = "UNREGISTERED"
    Info (12134): Parameter "power_up_uninitialized" = "FALSE"
    Info (12134): Parameter "read_during_write_mode_port_a" = "NEW_DATA_NO_NBE_READ"
    Info (12134): Parameter "widthad_a" = "8"
    Info (12134): Parameter "width_a" = "16"
    Info (12134): Parameter "width_byteena_a" = "1"
Info (12021): Found 1 design units, including 1 entities, in source file db/altsyncram_54i1.tdf
    Info (12023): Found entity 1: altsyncram_54i1
Info (12128): Elaborating entity "altsyncram_54i1" for hierarchy "RAM:inst|altsyncram:altsyncram_component|altsyncram_54i1:auto_generated"
Info (12128): Elaborating entity "MAR" for hierarchy "MAR:inst1"
Info (12128): Elaborating entity "MDR" for hierarchy "MDR:inst11"
Info (13014): Ignored 78 buffer(s)
    Info (13015): Ignored 18 CARRY buffer(s)
    Info (13019): Ignored 60 SOFT buffer(s)
Warning (13046): Tri-state node(s) do not directly drive top-level pin(s)
    Warning (13048): Converted tri-state node "gdfx_temp0[15]" into a selector
    Warning (13048): Converted tri-state node "gdfx_temp0[14]" into a selector
    Warning (13048): Converted tri-state node "gdfx_temp0[13]" into a selector
    Warning (13048): Converted tri-state node "gdfx_temp0[12]" into a selector
    Warning (13048): Converted tri-state node "gdfx_temp0[11]" into a selector
    Warning (13048): Converted tri-state node "gdfx_temp0[10]" into a selector
    Warning (13048): Converted tri-state node "gdfx_temp0[9]" into a selector
    Warning (13048): Converted tri-state node "gdfx_temp0[8]" into a selector
    Warning (13048): Converted tri-state node "gdfx_temp0[7]" into a selector
    Warning (13048): Converted tri-state node "gdfx_temp0[6]" into a selector
    Warning (13048): Converted tri-state node "gdfx_temp0[5]" into a selector
    Warning (13048): Converted tri-state node "gdfx_temp0[4]" into a selector
    Warning (13048): Converted tri-state node "gdfx_temp0[3]" into a selector
    Warning (13048): Converted tri-state node "gdfx_temp0[2]" into a selector
    Warning (13048): Converted tri-state node "gdfx_temp0[1]" into a selector
    Warning (13048): Converted tri-state node "gdfx_temp0[0]" into a selector
Warning (19016): Clock multiplexers are found and protected
    Warning (19017): Found clock multiplexer CU:inst6|inst4~synth
    Warning (19017): Found clock multiplexer CU:inst6|inst9~synth
Info (286030): Timing-Driven Synthesis is running
Info (17049): 16 registers lost all their fanouts during netlist optimizations.
Info (16010): Generating hard_block partition "hard_block:auto_generated_inst"
    Info (16011): Adding 0 node(s), including 0 DDIO, 0 PLL, 0 transceiver and 0 LCELL
Info (21057): Implemented 1055 device resources after synthesis - the final resource count might be different
    Info (21058): Implemented 1 input pins
    Info (21059): Implemented 48 output pins
    Info (21061): Implemented 989 logic cells
    Info (21064): Implemented 16 RAM segments
    Info (21062): Implemented 1 DSP elements
Info: Quartus II 64-Bit Analysis & Synthesis was successful. 0 errors, 20 warnings
    Info: Peak virtual memory: 4692 megabytes
    Info: Processing ended: Fri Dec 04 17:25:31 2020
    Info: Elapsed time: 00:00:06
    Info: Total CPU time (on all processors): 00:00:06


